// Jest Snapshot v1, https://goo.gl/fbAQLP

exports[`news search renders correctly 1`] = `
<RCTSafeAreaView
  accessible={true}
  emulateUnlessSupported={true}
  focusable={true}
  onClick={[Function]}
  onResponderGrant={[Function]}
  onResponderMove={[Function]}
  onResponderRelease={[Function]}
  onResponderTerminate={[Function]}
  onResponderTerminationRequest={[Function]}
  onStartShouldSetResponder={[Function]}
  style={
    Object {
      "alignItems": "center",
      "justifyContent": "center",
      "marginTop": 30,
      "padding": 40,
    }
  }
>
  <TextInput
    allowFontScaling={true}
    clearButtonMode="always"
    keyboardAppearance="dark"
    onChangeText={[Function]}
    placeholder="Search..."
    placeholderTextColor="#fff"
    rejectResponderTermination={true}
    style={
      Object {
        "borderColor": "#BFD7ED",
        "borderRadius": 30,
        "borderWidth": 2,
        "color": "#fff",
        "fontWeight": "bold",
        "letterSpacing": 1,
        "padding": 15,
        "paddingLeft": 20,
        "width": "70%",
      }
    }
    underlineColorAndroid="transparent"
    value=""
  />
</RCTSafeAreaView>
`;
